stateassemblysession: confDUNSession
hansardtype: 1
hansardquestions: []
