stateassemblysession: confDUNSession
hansardtype: 2
hansardquestions: []
